node : node:internal/
modules/cjs/loader:12
47
At line:1 char:1
+ node src/server.js 
2> error_log.txt; 
type error_log.txt
+ ~~~~~~~~~~~~~~~~~~~
~~~~~~~~~~~~~~~~
    + CategoryInfo   
           : NotSpe  
  cified: (node:in   
 ternal/modules/c    
js/loader:1247:S    
tring) [], Remot    
eException
    + FullyQualified 
   ErrorId : Native  
  CommandError
 
  throw err;
  ^

Error: Cannot find 
module 'dotenv'
Require stack:
- C:\Users\Anil_Kumar
\OneDrive\Desktop\woo
l backup\wool-monitor
ing-application-main\
server\src\server.js
    at Function._reso
lveFilename (node:int
ernal/modules/cjs/loa
der:1244:15)
    at 
Function._load (node:
internal/modules/cjs/
loader:1070:27)
    at TracingChannel
.traceSync (node:diag
nostics_channel:322:1
4)
    at 
wrapModuleLoad (node:
internal/modules/cjs/
loader:217:24)
    at 
Module.require (node:
internal/modules/cjs/
loader:1335:12)
    at require (node:
internal/modules/help
ers:136:16)
    at 
Object.<anonymous> (C
:\Users\Anil_Kumar\On
eDrive\Desktop\wool b
ackup\wool-monitoring
-application-main\ser
ver\src\server.js:1:1
6)
    at 
Module._compile (node
:internal/modules/cjs
/loader:1562:14)
    at Object..js (no
de:internal/modules/c
js/loader:1699:10)
    at Module.load (n
ode:internal/modules/
cjs/loader:1313:32) {
  code: 
'MODULE_NOT_FOUND',
  requireStack: [
    'C:\\Users\\Anil_
Kumar\\OneDrive\\Desk
top\\wool backup\\woo
l-monitoring-applicat
ion-main\\server\\src
\\server.js'
  ]
}

Node.js v22.13.1
